// Jest Snapshot v1, https://goo.gl/fbAQLP

exports[`should render the Covid19-Catalogue-Board Application 1`] = `
<div
  className="App container text-light"
>
  <div
    className="main"
  >
    <h1
      className="py-4 text-center"
    >
      Covid19 Catalogue Board 1
    </h1>
    <form
      className="country-form m-auto mb-5"
    >
      <div
        className=""
      >
        <input
          className="form-control form-outline"
          onChange={[Function]}
          placeholder="Search by Country"
          type="text"
          value=""
        />
        <select
          aria-label="Default select example"
          className="form-select p-2"
          onChange={[Function]}
          value=""
        >
          <option
            value="Search by Region"
          >
            Search by Region
          </option>
          <option
            value="Africa"
          >
            Africa
          </option>
          <option
            value="Europe"
          >
            Europe
          </option>
          <option
            value="Asia"
          >
            Asia
          </option>
          <option
            value="North America"
          >
            North America
          </option>
          <option
            value="South America"
          >
            South America
          </option>
          <option
            value="Oceania"
          >
            Oceania
          </option>
        </select>
      </div>
    </form>
    <div
      className="content"
    >
      <div
        className="row g-0"
      />
    </div>
    <div
      className="circle-small-4 br-50 pos-abs"
    />
    <div
      className="circle-small-5 br-50 pos-abs"
    />
    <div
      className="circle-small-2 br-50 pos-abs"
    />
  </div>
</div>
`;
