// Jest Snapshot v1, https://goo.gl/fbAQLP

exports[`should render the country details page 1`] = `
<div>
  <p
    className="text-success m-3"
  >
    <a
      className="text-success text-decoration-none bold"
      href="/"
      onClick={[Function]}
    >
      Go Home
    </a>
  </p>
  <h1
    className="text-center mt-3"
  />
  <div
    className="main-content-wrapper row m-0 p-3"
  >
    <div
      className="chart-wrapper col-md-6"
    >
      <canvas
        className="w-75 m-auto"
        data-testid="canvas"
        height={150}
        onClick={[Function]}
        role="img"
        width={300}
      />
    </div>
    <div
      className="country-desc col-md-6"
    >
      <div
        className="mb-3"
      >
        <div
          className="row g-0"
        >
          <div
            className="col-md-8"
          >
            <div
              className="card-body text-left"
            >
              <p
                className="country-wrap font-22"
              >
                <span>
                  Country Name: 
                </span>
                <span
                  className="country-code green-800 font-22"
                />
              </p>
              <p
                className="card-text"
              >
                <span>
                  Country Code: 
                </span>
                <span
                  className="card-title"
                />
              </p>
              <p
                className="mute-p"
              >
                <span
                  className="text-muted"
                >
                   
                  has a population of
                  . It has so far recorded
                   
                   
                  deaths.
                   
                  cases have been confirmed and
                   
                  people have recovered from the virus.
                </span>
              </p>
            </div>
          </div>
          <div
            className="col-md-4 text-center"
          >
            <h4
              className="card-hed font-italic"
            />
            <hr />
            <div
              className="card-body"
            >
              <div
                className="icon-div py-3"
              >
                <div
                  className="icon-span "
                >
                  <div
                    className=""
                  >
                    <p
                      className="font-10 text-success"
                    >
                      Last Updated
                    </p>
                    <p
                      className="increase"
                    >
                      <i
                        className="fas fa-pen-square font-22 text-success"
                      />
                    </p>
                    <p
                      className="font-12 text-success"
                    />
                  </div>
                </div>
              </div>
            </div>
          </div>
        </div>
      </div>
    </div>
  </div>
</div>
`;
